// Jest Snapshot v1, https://goo.gl/fbAQLP

exports[`should render a Header component 1`] = `"<div class=\\"background-blue d-flex p-4\\"><h1 class=\\"h6 text-white mx-auto\\">Header test</h1></div>"`;
