// Jest Snapshot v1, https://goo.gl/fbAQLP

exports[`should render a Home component 1`] = `"<div class=\\"p-5\\"><h1 class=\\"h5\\">Diet tracker</h1><p>Diet tracker helps you keep track of your daily nutrition</p><p>Add your consumed carbohydrates, proteins and fats.</p><p>Stay motivated by reaching your week nutrition goals.</p></div>"`;
